Information: Updating design information... (UID-85)
Warning: Design 'fir_pipe_parallel_l3' contains 1 high-fanout nets. A fanout number of 1000 will be used for delay calculations involving these nets. (TIM-134)
 
****************************************
Report : qor
Design : fir_pipe_parallel_l3
Version: W-2024.09-SP2
Date   : Wed Mar 18 21:58:38 2026
****************************************


  Timing Path Group 'clk'
  -----------------------------------
  Levels of Logic:              10.00
  Critical Path Length:         19.66
  Critical Path Slack:         -10.46
  Critical Path Clk Period:     10.00
  Total Negative Slack:      -8461.47
  No. of Violating Paths:      966.00
  Worst Hold Violation:          0.00
  Total Hold Violation:          0.00
  No. of Hold Violations:        0.00
  -----------------------------------


  Cell Count
  -----------------------------------
  Hierarchical Cell Count:          0
  Hierarchical Port Count:          0
  Leaf Cell Count:              34038
  Buf/Inv Cell Count:             379
  Buf Cell Count:                  89
  Inv Cell Count:                 379
  CT Buf/Inv Cell Count:            0
  Combinational Cell Count:     21697
  Sequential Cell Count:        12341
  Macro Count:                      0
  -----------------------------------


  Area
  -----------------------------------
  Combinational Area:   161587.000000
  Noncombinational Area: 87477.000000
  Buf/Inv Area:            575.000000
  Total Buffer Area:           163.00
  Total Inverter Area:         575.00
  Macro/Black Box Area:      0.000000
  Net Area:                  0.000000
  -----------------------------------
  Cell Area:            249064.000000
  Design Area:          249064.000000


  Design Rules
  -----------------------------------
  Total Number of Nets:         54875
  Nets With Violations:             0
  Max Trans Violations:             0
  Max Cap Violations:               0
  -----------------------------------


  Hostname: ts3.ecse.rpi.edu

  Compile CPU Statistics
  -----------------------------------------
  Resource Sharing:                   86.55
  Logic Optimization:                 94.85
  Mapping Optimization:               28.47
  -----------------------------------------
  Overall Compile Time:              239.11
  Overall Compile Wall Clock Time:   242.94

  --------------------------------------------------------------------

  Design  WNS: 10.46  TNS: 8461.47  Number of Violating Paths: 966


  Design (Hold)  WNS: 0.00  TNS: 0.00  Number of Violating Paths: 0

  --------------------------------------------------------------------


1
